4 2 1 2
5 2 1 5
5 2 1 4
7 2 1 4
10 3 1 4 8
14 3 1 6 9
15 3 1 8 9
13 3 1 2 3
17 3 1 3 5
18 3 1 11 13
23 4 1 3 7 8
18 3 1 8 13
24 4 1 5 12 15
27 3 1 8 15
24 4 1 3 5 14
33 4 1 5 10 12
31 4 1 5 8 19
